C:\SignalTracker\SignalTrackers (4)h\SignalTrackers\Controllers\AdminController.cs(519,22): error CS1061: 'IEnumerable<<anonymous type: string license_code, tbl_user ob_user, int user_id, string user_name, string user_email, string user_mobile, int user_isactive, int m_user_type_id, int? company_id, DateTime? created_on>>' does not contain a definition for 'ToListAsync' and no accessible extension method 'ToListAsync' accepting a first argument of type 'IEnumerable<<anonymous type: string license_code, tbl_user ob_user, int user_id, string user_name, string user_email, string user_mobile, int user_isactive, int m_user_type_id, int? company_id, DateTime? created_on>>' could be found (are you missing a using directive or an assembly reference?) [C:\SignalTracker\SignalTrackers (4)h\SignalTrackers\SignalTracker.csproj]

Build FAILED.
    297 Warning(s)
    1 Error(s)

Time Elapsed 00:00:03.23
